Installing packages
------------------------------------------------------------
Reading runtime dist: @@temp_dir@@/empty_dist
Reading opam libraries: (fonts-theano grcnum)
Not gathering system fonts
Installing libraries: (dist fonts-theano grcnum)
Removing destination @@dest_dir@@/dest
Loaded libraries
(((name (dist)) (version ()))
 ((name (fonts-theano)) (version (2.0))
  (hashes
   ((hash/fonts.satysfi-hash
     ((@@temp_dir@@/opam_reg/fonts-theano/hash/fonts.satysfi-hash)
      (Assoc
       ((fonts-theano:TheanoDidot
         (Variant
          (Single
           ((Assoc
             ((src-dist (String fonts-theano/TheanoDidot-Regular.otf))))))))
        (fonts-theano:TheanoModern
         (Variant
          (Single
           ((Assoc
             ((src-dist (String fonts-theano/TheanoModern-Regular.otf))))))))
        (fonts-theano:TheanoOldStyle
         (Variant
          (Single
           ((Assoc
             ((src-dist (String fonts-theano/TheanoOldStyle-Regular.otf))))))))))))))
  (files
   ((fonts/fonts-theano/TheanoDidot-Regular.otf
     (Filename
      @@temp_dir@@/opam_reg/fonts-theano/fonts/fonts-theano/TheanoDidot-Regular.otf))
    (fonts/fonts-theano/TheanoModern-Regular.otf
     (Filename
      @@temp_dir@@/opam_reg/fonts-theano/fonts/fonts-theano/TheanoModern-Regular.otf))
    (fonts/fonts-theano/TheanoOldStyle-Regular.otf
     (Filename
      @@temp_dir@@/opam_reg/fonts-theano/fonts/fonts-theano/TheanoOldStyle-Regular.otf))))
  (compatibility
   ((rename_fonts
     (((new_name fonts-theano:TheanoDidot) (old_name TheanoDidot))
      ((new_name fonts-theano:TheanoModern) (old_name TheanoModern))
      ((new_name fonts-theano:TheanoOldStyle) (old_name TheanoOldStyle)))))))
 ((name (grcnum)) (version (0.2))
  (files
   ((packages/grcnum/grcnum.satyh
     (Filename @@temp_dir@@/opam_reg/grcnum/packages/grcnum/grcnum.satyh))))
  (compatibility
   ((rename_packages
     (((new_name grcnum/grcnum.satyh) (old_name grcnum.satyh))))))
  (dependencies (fonts-theano))))
Installing ((name (dist)) (version (2.0))
 (hashes
  ((hash/fonts.satysfi-hash
    ((@@temp_dir@@/opam_reg/fonts-theano/hash/fonts.satysfi-hash)
     (Assoc
      ((fonts-theano:TheanoDidot
        (Variant
         (Single
          ((Assoc ((src-dist (String fonts-theano/TheanoDidot-Regular.otf))))))))
       (fonts-theano:TheanoModern
        (Variant
         (Single
          ((Assoc
            ((src-dist (String fonts-theano/TheanoModern-Regular.otf))))))))
       (fonts-theano:TheanoOldStyle
        (Variant
         (Single
          ((Assoc
            ((src-dist (String fonts-theano/TheanoOldStyle-Regular.otf))))))))))))))
 (files
  ((fonts/fonts-theano/TheanoDidot-Regular.otf
    (Filename
     @@temp_dir@@/opam_reg/fonts-theano/fonts/fonts-theano/TheanoDidot-Regular.otf))
   (fonts/fonts-theano/TheanoModern-Regular.otf
    (Filename
     @@temp_dir@@/opam_reg/fonts-theano/fonts/fonts-theano/TheanoModern-Regular.otf))
   (fonts/fonts-theano/TheanoOldStyle-Regular.otf
    (Filename
     @@temp_dir@@/opam_reg/fonts-theano/fonts/fonts-theano/TheanoOldStyle-Regular.otf))
   (packages/grcnum/grcnum.satyh
    (Filename
     @@temp_dir@@/opam_reg/grcnum/packages/grcnum/grcnum.satyh))))
 (compatibility
  ((rename_packages
    (((new_name grcnum/grcnum.satyh) (old_name grcnum.satyh))))
   (rename_fonts
    (((new_name fonts-theano:TheanoDidot) (old_name TheanoDidot))
     ((new_name fonts-theano:TheanoModern) (old_name TheanoModern))
     ((new_name fonts-theano:TheanoOldStyle) (old_name TheanoOldStyle))))))
 (dependencies (fonts-theano)))
Installation completed!

[1;33mCompatibility notice[0m for library fonts-theano:

  Fonts have been renamed.
  
    TheanoDidot -> fonts-theano:TheanoDidot
    TheanoModern -> fonts-theano:TheanoModern
    TheanoOldStyle -> fonts-theano:TheanoOldStyle

[1;33mCompatibility notice[0m for library grcnum:

  Packages have been renamed.
  
    grcnum.satyh -> grcnum/grcnum.satyh
------------------------------------------------------------
@@dest_dir@@
@@dest_dir@@/dest
@@dest_dir@@/dest/.satyrographos
@@dest_dir@@/dest/fonts
@@dest_dir@@/dest/fonts/fonts-theano
@@dest_dir@@/dest/fonts/fonts-theano/TheanoDidot-Regular.otf
@@dest_dir@@/dest/fonts/fonts-theano/TheanoModern-Regular.otf
@@dest_dir@@/dest/fonts/fonts-theano/TheanoOldStyle-Regular.otf
@@dest_dir@@/dest/hash
@@dest_dir@@/dest/hash/fonts.satysfi-hash
@@dest_dir@@/dest/metadata
@@dest_dir@@/dest/packages
@@dest_dir@@/dest/packages/grcnum
@@dest_dir@@/dest/packages/grcnum/grcnum.satyh
------------------------------------------------------------
diff -Nr @@empty_dir@@/dest/fonts/fonts-theano/TheanoDidot-Regular.otf @@dest_dir@@/dest/fonts/fonts-theano/TheanoDidot-Regular.otf
0a1
> @@TheanoDidot-Regular.otf@@
diff -Nr @@empty_dir@@/dest/fonts/fonts-theano/TheanoModern-Regular.otf @@dest_dir@@/dest/fonts/fonts-theano/TheanoModern-Regular.otf
0a1
> @@TheanoModern-Regular.otf@@
diff -Nr @@empty_dir@@/dest/fonts/fonts-theano/TheanoOldStyle-Regular.otf @@dest_dir@@/dest/fonts/fonts-theano/TheanoOldStyle-Regular.otf
0a1
> @@TheanoOldStyle-Regular.otf@@
diff -Nr @@empty_dir@@/dest/hash/fonts.satysfi-hash @@dest_dir@@/dest/hash/fonts.satysfi-hash
0a1
> {"fonts-theano:TheanoDidot":<"Single":{"src-dist":"fonts-theano/TheanoDidot-Regular.otf"}>,"fonts-theano:TheanoModern":<"Single":{"src-dist":"fonts-theano/TheanoModern-Regular.otf"}>,"fonts-theano:TheanoOldStyle":<"Single":{"src-dist":"fonts-theano/TheanoOldStyle-Regular.otf"}>}
diff -Nr @@empty_dir@@/dest/metadata @@dest_dir@@/dest/metadata
0a1,9
> ((version 1) (libraryName dist) (libraryVersion 2.0)
>  (compatibility
>   ((rename_packages
>     (((new_name grcnum/grcnum.satyh) (old_name grcnum.satyh))))
>    (rename_fonts
>     (((new_name fonts-theano:TheanoDidot) (old_name TheanoDidot))
>      ((new_name fonts-theano:TheanoModern) (old_name TheanoModern))
>      ((new_name fonts-theano:TheanoOldStyle) (old_name TheanoOldStyle))))))
>  (dependencies ((fonts-theano ()))))
diff -Nr @@empty_dir@@/dest/packages/grcnum/grcnum.satyh @@dest_dir@@/dest/packages/grcnum/grcnum.satyh
0a1
> @@grcnum.satyh@@
