Installing packages
------------------------------------------------------------
Exception:
Failure("Autogen libraries ($invalid-autogen) are not available.")
------------------------------------------------------------
@@dest_dir@@
------------------------------------------------------------
