Installing packages
------------------------------------------------------------
Reading runtime dist: @@temp_dir@@/empty_dist
Reading opam libraries: (base class-greek fonts-theano grcnum)
Not gathering system fonts
Generating autogen libraries
Generating autogen library $today
autogen:$today: Using lockdowned values
Generating autogen library $libraries
Installing libraries: ($libraries $today base dist fonts-theano grcnum)
Removing destination @@dest_dir@@/dest
Loaded libraries
(((name ($libraries)) (version (0.1))
  (files
   ((packages/$libraries.satyg
     (Content
       "let _ =\
      \n  (display-message) (#` [Warning] Satyrographos: Package $libraries is an experimental autogen package.`)\
      \nlet _ =\
      \n  (display-message) (#` [Warning] Satyrographos: Its API is unstable; will thus be backward-incompatibly changed.`)\
      \nlet _ =\
      \n  (display-message) (#` [Warning] Satyrographos: Furthermore, the package itself may be renamed or removed.`)\
      \ntype library = (| name : string; version : string; |)\
      \nmodule Libraries : sig\
      \n  val list : library list\
      \nend = struct\
      \n  let list =\
      \n    [ (| name = `$today`; version = `0.1`; |);\
      \n      (| name = `base`; version = `1.1.1`; |);\
      \n      (| name = `dist`; version = ` `; |);\
      \n      (| name = `fonts-theano`; version = `2.0`; |);\
      \n      (| name = `grcnum`; version = `0.2`; |); ]\
      \nend\
      \n")))))
 ((name ($today)) (version (0.1))
  (files
   ((packages/$today.satyg
     (Content
       "let _ =\
      \n  (display-message) (#` [Warning] Satyrographos: Package $today is an experimental autogen package.`)\
      \nlet _ =\
      \n  (display-message) (#` [Warning] Satyrographos: Its API is unstable; will thus be backward-incompatibly changed.`)\
      \nlet _ =\
      \n  (display-message) (#` [Warning] Satyrographos: Furthermore, the package itself may be renamed or removed.`)\
      \nmodule Today : sig\
      \n  val datetime : string\
      \n  val tzname : string\
      \nend = struct\
      \n  let datetime = `2020-11-05T23:52:11.000000Z`\
      \n  let tzname = `Asia/Tokyo`\
      \nend\
      \n")))))
 ((name (base)) (version (1.1.1))
  (files
   ((packages/base/void.satyh
     (Filename @@temp_dir@@/opam_reg/base/packages/base/void.satyh)))))
 ((name (dist)) (version ()))
 ((name (fonts-theano)) (version (2.0))
  (hashes
   ((hash/fonts.satysfi-hash
     ((@@temp_dir@@/opam_reg/fonts-theano/hash/fonts.satysfi-hash)
      (Assoc
       ((fonts-theano:TheanoDidot
         (Variant
          (Single
           ((Assoc
             ((src-dist (String fonts-theano/TheanoDidot-Regular.otf))))))))
        (fonts-theano:TheanoModern
         (Variant
          (Single
           ((Assoc
             ((src-dist (String fonts-theano/TheanoModern-Regular.otf))))))))
        (fonts-theano:TheanoOldStyle
         (Variant
          (Single
           ((Assoc
             ((src-dist (String fonts-theano/TheanoOldStyle-Regular.otf))))))))))))))
  (files
   ((fonts/fonts-theano/TheanoDidot-Regular.otf
     (Filename
      @@temp_dir@@/opam_reg/fonts-theano/fonts/fonts-theano/TheanoDidot-Regular.otf))
    (fonts/fonts-theano/TheanoModern-Regular.otf
     (Filename
      @@temp_dir@@/opam_reg/fonts-theano/fonts/fonts-theano/TheanoModern-Regular.otf))
    (fonts/fonts-theano/TheanoOldStyle-Regular.otf
     (Filename
      @@temp_dir@@/opam_reg/fonts-theano/fonts/fonts-theano/TheanoOldStyle-Regular.otf))))
  (compatibility
   ((rename_fonts
     (((new_name fonts-theano:TheanoDidot) (old_name TheanoDidot))
      ((new_name fonts-theano:TheanoModern) (old_name TheanoModern))
      ((new_name fonts-theano:TheanoOldStyle) (old_name TheanoOldStyle)))))))
 ((name (grcnum)) (version (0.2))
  (files
   ((packages/grcnum/grcnum.satyh
     (Filename @@temp_dir@@/opam_reg/grcnum/packages/grcnum/grcnum.satyh))))
  (compatibility
   ((rename_packages
     (((new_name grcnum/grcnum.satyh) (old_name grcnum.satyh))))))
  (dependencies (fonts-theano))))
Installing ((name ($libraries)) (version (0.1))
 (hashes
  ((hash/fonts.satysfi-hash
    ((@@temp_dir@@/opam_reg/fonts-theano/hash/fonts.satysfi-hash)
     (Assoc
      ((fonts-theano:TheanoDidot
        (Variant
         (Single
          ((Assoc ((src-dist (String fonts-theano/TheanoDidot-Regular.otf))))))))
       (fonts-theano:TheanoModern
        (Variant
         (Single
          ((Assoc
            ((src-dist (String fonts-theano/TheanoModern-Regular.otf))))))))
       (fonts-theano:TheanoOldStyle
        (Variant
         (Single
          ((Assoc
            ((src-dist (String fonts-theano/TheanoOldStyle-Regular.otf))))))))))))))
 (files
  ((fonts/fonts-theano/TheanoDidot-Regular.otf
    (Filename
     @@temp_dir@@/opam_reg/fonts-theano/fonts/fonts-theano/TheanoDidot-Regular.otf))
   (fonts/fonts-theano/TheanoModern-Regular.otf
    (Filename
     @@temp_dir@@/opam_reg/fonts-theano/fonts/fonts-theano/TheanoModern-Regular.otf))
   (fonts/fonts-theano/TheanoOldStyle-Regular.otf
    (Filename
     @@temp_dir@@/opam_reg/fonts-theano/fonts/fonts-theano/TheanoOldStyle-Regular.otf))
   (packages/$libraries.satyg
    (Content
      "let _ =\
     \n  (display-message) (#` [Warning] Satyrographos: Package $libraries is an experimental autogen package.`)\
     \nlet _ =\
     \n  (display-message) (#` [Warning] Satyrographos: Its API is unstable; will thus be backward-incompatibly changed.`)\
     \nlet _ =\
     \n  (display-message) (#` [Warning] Satyrographos: Furthermore, the package itself may be renamed or removed.`)\
     \ntype library = (| name : string; version : string; |)\
     \nmodule Libraries : sig\
     \n  val list : library list\
     \nend = struct\
     \n  let list =\
     \n    [ (| name = `$today`; version = `0.1`; |);\
     \n      (| name = `base`; version = `1.1.1`; |);\
     \n      (| name = `dist`; version = ` `; |);\
     \n      (| name = `fonts-theano`; version = `2.0`; |);\
     \n      (| name = `grcnum`; version = `0.2`; |); ]\
     \nend\
     \n"))
   (packages/$today.satyg
    (Content
      "let _ =\
     \n  (display-message) (#` [Warning] Satyrographos: Package $today is an experimental autogen package.`)\
     \nlet _ =\
     \n  (display-message) (#` [Warning] Satyrographos: Its API is unstable; will thus be backward-incompatibly changed.`)\
     \nlet _ =\
     \n  (display-message) (#` [Warning] Satyrographos: Furthermore, the package itself may be renamed or removed.`)\
     \nmodule Today : sig\
     \n  val datetime : string\
     \n  val tzname : string\
     \nend = struct\
     \n  let datetime = `2020-11-05T23:52:11.000000Z`\
     \n  let tzname = `Asia/Tokyo`\
     \nend\
     \n"))
   (packages/base/void.satyh
    (Filename
     @@temp_dir@@/opam_reg/base/packages/base/void.satyh))
   (packages/grcnum/grcnum.satyh
    (Filename
     @@temp_dir@@/opam_reg/grcnum/packages/grcnum/grcnum.satyh))))
 (compatibility
  ((rename_packages
    (((new_name grcnum/grcnum.satyh) (old_name grcnum.satyh))))
   (rename_fonts
    (((new_name fonts-theano:TheanoDidot) (old_name TheanoDidot))
     ((new_name fonts-theano:TheanoModern) (old_name TheanoModern))
     ((new_name fonts-theano:TheanoOldStyle) (old_name TheanoOldStyle))))))
 (dependencies (fonts-theano)))
Installation completed!

[1;33mCompatibility notice[0m for library fonts-theano:

  Fonts have been renamed.
  
    TheanoDidot -> fonts-theano:TheanoDidot
    TheanoModern -> fonts-theano:TheanoModern
    TheanoOldStyle -> fonts-theano:TheanoOldStyle

[1;33mCompatibility notice[0m for library grcnum:

  Packages have been renamed.
  
    grcnum.satyh -> grcnum/grcnum.satyh
------------------------------------------------------------
@@dest_dir@@
@@dest_dir@@/dest
@@dest_dir@@/dest/.satyrographos
@@dest_dir@@/dest/fonts
@@dest_dir@@/dest/fonts/fonts-theano
@@dest_dir@@/dest/fonts/fonts-theano/TheanoDidot-Regular.otf
@@dest_dir@@/dest/fonts/fonts-theano/TheanoModern-Regular.otf
@@dest_dir@@/dest/fonts/fonts-theano/TheanoOldStyle-Regular.otf
@@dest_dir@@/dest/hash
@@dest_dir@@/dest/hash/fonts.satysfi-hash
@@dest_dir@@/dest/metadata
@@dest_dir@@/dest/packages
@@dest_dir@@/dest/packages/$libraries.satyg
@@dest_dir@@/dest/packages/$today.satyg
@@dest_dir@@/dest/packages/base
@@dest_dir@@/dest/packages/base/void.satyh
@@dest_dir@@/dest/packages/grcnum
@@dest_dir@@/dest/packages/grcnum/grcnum.satyh
------------------------------------------------------------
diff -Nr @@empty_dir@@/dest/fonts/fonts-theano/TheanoDidot-Regular.otf @@dest_dir@@/dest/fonts/fonts-theano/TheanoDidot-Regular.otf
0a1
> @@TheanoDidot-Regular.otf@@
diff -Nr @@empty_dir@@/dest/fonts/fonts-theano/TheanoModern-Regular.otf @@dest_dir@@/dest/fonts/fonts-theano/TheanoModern-Regular.otf
0a1
> @@TheanoModern-Regular.otf@@
diff -Nr @@empty_dir@@/dest/fonts/fonts-theano/TheanoOldStyle-Regular.otf @@dest_dir@@/dest/fonts/fonts-theano/TheanoOldStyle-Regular.otf
0a1
> @@TheanoOldStyle-Regular.otf@@
diff -Nr @@empty_dir@@/dest/hash/fonts.satysfi-hash @@dest_dir@@/dest/hash/fonts.satysfi-hash
0a1
> {"fonts-theano:TheanoDidot":<"Single":{"src-dist":"fonts-theano/TheanoDidot-Regular.otf"}>,"fonts-theano:TheanoModern":<"Single":{"src-dist":"fonts-theano/TheanoModern-Regular.otf"}>,"fonts-theano:TheanoOldStyle":<"Single":{"src-dist":"fonts-theano/TheanoOldStyle-Regular.otf"}>}
diff -Nr @@empty_dir@@/dest/metadata @@dest_dir@@/dest/metadata
0a1,9
> ((version 1) (libraryName $libraries) (libraryVersion 0.1)
>  (compatibility
>   ((rename_packages
>     (((new_name grcnum/grcnum.satyh) (old_name grcnum.satyh))))
>    (rename_fonts
>     (((new_name fonts-theano:TheanoDidot) (old_name TheanoDidot))
>      ((new_name fonts-theano:TheanoModern) (old_name TheanoModern))
>      ((new_name fonts-theano:TheanoOldStyle) (old_name TheanoOldStyle))))))
>  (dependencies ((fonts-theano ()))))
diff -Nr @@empty_dir@@/dest/packages/$libraries.satyg @@dest_dir@@/dest/packages/$libraries.satyg
0a1,17
> let _ =
>   (display-message) (#` [Warning] Satyrographos: Package $libraries is an experimental autogen package.`)
> let _ =
>   (display-message) (#` [Warning] Satyrographos: Its API is unstable; will thus be backward-incompatibly changed.`)
> let _ =
>   (display-message) (#` [Warning] Satyrographos: Furthermore, the package itself may be renamed or removed.`)
> type library = (| name : string; version : string; |)
> module Libraries : sig
>   val list : library list
> end = struct
>   let list =
>     [ (| name = `$today`; version = `0.1`; |);
>       (| name = `base`; version = `1.1.1`; |);
>       (| name = `dist`; version = ` `; |);
>       (| name = `fonts-theano`; version = `2.0`; |);
>       (| name = `grcnum`; version = `0.2`; |); ]
> end
diff -Nr @@empty_dir@@/dest/packages/$today.satyg @@dest_dir@@/dest/packages/$today.satyg
0a1,13
> let _ =
>   (display-message) (#` [Warning] Satyrographos: Package $today is an experimental autogen package.`)
> let _ =
>   (display-message) (#` [Warning] Satyrographos: Its API is unstable; will thus be backward-incompatibly changed.`)
> let _ =
>   (display-message) (#` [Warning] Satyrographos: Furthermore, the package itself may be renamed or removed.`)
> module Today : sig
>   val datetime : string
>   val tzname : string
> end = struct
>   let datetime = `2020-11-05T23:52:11.000000Z`
>   let tzname = `Asia/Tokyo`
> end
diff -Nr @@empty_dir@@/dest/packages/base/void.satyh @@dest_dir@@/dest/packages/base/void.satyh
0a1
> @@void.satyh@@
diff -Nr @@empty_dir@@/dest/packages/grcnum/grcnum.satyh @@dest_dir@@/dest/packages/grcnum/grcnum.satyh
0a1
> @@grcnum.satyh@@
