Installing packages
------------------------------------------------------------
Read library:
((name (grcnum)) (version (0.2))
 (hashes
  ((hash/fonts.satysfi-hash
    (("(module grcnum)" "(module grcnum)")
     (Assoc
      ((grcnum:grcnum-font2
        (Variant
         (Single
          ((Assoc ((src (String dist/fonts/grcnum/grcnum-font2.ttf))))))))
       (grcnum:grcnum-font
        (Variant
         (Single
          ((Assoc ((src (String dist/fonts/grcnum/grcnum-font.ttf))))))))
       (grcnum:grcnum-font-1
        (Variant
         (Collection
          ((Assoc
            ((src (String dist/fonts/grcnum/grcnum-font.ttf))
             (index (Int 1))))))))))))))
 (files
  ((doc/grcnum.md (Filename @@temp_dir@@/pkg/README.md))
   (fonts/grcnum/grcnum-font.ttf (Filename @@temp_dir@@/pkg/font.ttf))
   (fonts/grcnum/grcnum-font2.ttf (Filename @@temp_dir@@/pkg/font2.ttf))))
 (dependencies (fonts-theano)))
Copying @@temp_dir@@/pkg/README.md to @@dest_dir@@/dest/share/satysfi/grcnum/doc/grcnum.md
Copying @@temp_dir@@/pkg/font.ttf to @@dest_dir@@/dest/share/satysfi/grcnum/fonts/grcnum/grcnum-font.ttf
Copying @@temp_dir@@/pkg/font2.ttf to @@dest_dir@@/dest/share/satysfi/grcnum/fonts/grcnum/grcnum-font2.ttf
Generating @@dest_dir@@/dest/share/satysfi/grcnum/hash/fonts.satysfi-hash
------------------------------------------------------------
@@dest_dir@@
@@dest_dir@@/dest
@@dest_dir@@/dest/share
@@dest_dir@@/dest/share/satysfi
@@dest_dir@@/dest/share/satysfi/grcnum
@@dest_dir@@/dest/share/satysfi/grcnum/doc
@@dest_dir@@/dest/share/satysfi/grcnum/doc/grcnum.md
@@dest_dir@@/dest/share/satysfi/grcnum/fonts
@@dest_dir@@/dest/share/satysfi/grcnum/fonts/grcnum
@@dest_dir@@/dest/share/satysfi/grcnum/fonts/grcnum/grcnum-font.ttf
@@dest_dir@@/dest/share/satysfi/grcnum/fonts/grcnum/grcnum-font2.ttf
@@dest_dir@@/dest/share/satysfi/grcnum/hash
@@dest_dir@@/dest/share/satysfi/grcnum/hash/fonts.satysfi-hash
@@dest_dir@@/dest/share/satysfi/grcnum/metadata
------------------------------------------------------------
diff -Nr @@empty_dir@@/dest/share/satysfi/grcnum/doc/grcnum.md @@dest_dir@@/dest/share/satysfi/grcnum/doc/grcnum.md
0a1
> @@README.md@@
diff -Nr @@empty_dir@@/dest/share/satysfi/grcnum/fonts/grcnum/grcnum-font.ttf @@dest_dir@@/dest/share/satysfi/grcnum/fonts/grcnum/grcnum-font.ttf
0a1
> @@font.ttf@@
diff -Nr @@empty_dir@@/dest/share/satysfi/grcnum/fonts/grcnum/grcnum-font2.ttf @@dest_dir@@/dest/share/satysfi/grcnum/fonts/grcnum/grcnum-font2.ttf
0a1
> @@font2.ttf@@
diff -Nr @@empty_dir@@/dest/share/satysfi/grcnum/hash/fonts.satysfi-hash @@dest_dir@@/dest/share/satysfi/grcnum/hash/fonts.satysfi-hash
0a1
> {"grcnum:grcnum-font":<"Single":{"src":"dist/fonts/grcnum/grcnum-font.ttf"}>,"grcnum:grcnum-font-1":<"Collection":{"src":"dist/fonts/grcnum/grcnum-font.ttf","index":1}>,"grcnum:grcnum-font2":<"Single":{"src":"dist/fonts/grcnum/grcnum-font2.ttf"}>}
diff -Nr @@empty_dir@@/dest/share/satysfi/grcnum/metadata @@dest_dir@@/dest/share/satysfi/grcnum/metadata
0a1,2
> ((version 1) (libraryName grcnum) (libraryVersion 0.2) (compatibility ())
>  (dependencies ((fonts-theano ()))))
