Exception:
Sys_error("@@test_library@@/Satyristes: No such file or directory")
